COMMAND: C:\Management Game\qualification\.tools\godot\Godot_v4.7.2-stable_mono_win64\Godot_v4.7.2-stable_mono_win64.exe --headless --path C:\Management Game\qualification\Host --export-release Windows x64 C:\Management Game\qualification/artifacts/followup/Qualification.exe
Godot Engine v4.7.2.stable.mono.official.ed1daf0bf - https://godotengine.org

[   0% ] [90m[1mfirst_scan_filesystem[22m | Started Project initialization (5 steps)[39m[0m
[   0% ] [90m[1mfirst_scan_filesystem[22m | Scanning file structure...[39m[0m
[  16% ] [90m[1mfirst_scan_filesystem[22m | Loading global class names...[39m[0m
[  33% ] [90m[1mfirst_scan_filesystem[22m | Verifying GDExtensions...[39m[0m
[  50% ] [90m[1mfirst_scan_filesystem[22m | Creating autoload scripts...[39m[0m
[  66% ] [90m[1mfirst_scan_filesystem[22m | Initializing plugins...[39m[0m
[  83% ] [90m[1mfirst_scan_filesystem[22m | Starting file scan...[39m[0m
[92m[ DONE ][39m [1mfirst_scan_filesystem[22m
[0m
[   0% ] [90m[1mupdate_scripts_classes[22m | Started Registering global classes... (2 steps)[39m[0m
[   0% ] [90m[1mupdate_scripts_classes[22m | [39m[0m
[  33% ] [90m[1mupdate_scripts_classes[22m | [39m[0m
[92m[ DONE ][39m [1mupdate_scripts_classes[22m
[0m
[   0% ] [90m[1mdotnet_publish_project[22m | Started Publishing .NET project... (1 steps)[39m[0m
[   0% ] [90m[1mdotnet_publish_project[22m | Running dotnet publish[39m[0m
[92m[ DONE ][39m [1mdotnet_publish_project[22m
[0m

ERROR: Prepare Template: The given export path doesn't exist.
   at: add_message (./editor/export/editor_export_platform.h:270)
ERROR: Project export for preset "Windows x64" failed.
   at: _fs_changed (editor/editor_node.cpp:1417)

EXIT: 1
