COMMAND: C:\Management Game\qualification\.tools\godot\Godot_v4.7.2-stable_mono_win64\Godot_v4.7.2-stable_mono_win64_console.exe --headless --path C:\Management Game\qualification\Host --export-release Windows x64 C:\Management Game\qualification/artifacts/windows/Qualification.exe
Godot Engine v4.7.2.stable.mono.official.ed1daf0bf - https://godotengine.org

Godot_v4.7.2-stable_mono_win64_console.exe : ERROR: Failed to read the root certificate store.
At C:\Management Game\qualification\Environment.ps1:22 char:5
+     & $Executable @Arguments 2>&1 | Out-File -Encoding utf8 -Append $ ...
+     ~~~~~~~~~~~~~~~~~~~~~~~~~~~~~
    + CategoryInfo          : NotSpecified: (ERROR: Failed t...tificate store.:String) [], RemoteException
    + FullyQualifiedErrorId : NativeCommandError
 
   at: get_system_ca_certificates (platform/windows/os_windows.cpp:2582)
[   0% ] [90m[1mfirst_scan_filesystem[22m | Started Project initialization (5 steps)[39m[0m
[   0% ] [90m[1mfirst_scan_filesystem[22m | Scanning file structure...[39m[0m
[  16% ] [90m[1mfirst_scan_filesystem[22m | Loading global class names...[39m[0m
[  33% ] [90m[1mfirst_scan_filesystem[22m | Verifying GDExtensions...[39m[0m
[  50% ] [90m[1mfirst_scan_filesystem[22m | Creating autoload scripts...[39m[0m
[  66% ] [90m[1mfirst_scan_filesystem[22m | Initializing plugins...[39m[0m
[  83% ] [90m[1mfirst_scan_filesystem[22m | Starting file scan...[39m[0m
[92m[ DONE ][39m [1mfirst_scan_filesystem[22m
[0m
[   0% ] [90m[1msavepack[22m | Started Packing (102 steps)[39m[0m
ERROR: Export .NET Project: This project contains C# files but no solution file was found at the following path: 
C:\Management Game\qualification\Host\Host.sln
A solution file is required for projects with C# files. Please ensure that the solution file exists in the specified 
location and try again.
   at: add_message (./editor/export/editor_export_platform.h:270)
   C# backtrace (most recent call first):
       [0] void Godot.EditorNativeCalls.godot_icall_3_490(nint, nint, int, string, string) 
(/root/godot/modules/mono/glue/GodotSharp/GodotSharpEditor/Generated/EditorNativeCalls.cs:145)
       [1] void Godot.EditorExportPlatform.AddMessage(Godot.EditorExportPlatform+ExportMessageType, string, string) 
(/root/godot/modules/mono/glue/GodotSharp/GodotSharpEditor/Generated/GodotObjects/EditorExportPlatform.cs:295)
       [2] void GodotTools.Export.ExportPlugin._ExportFile(string, string, System.String[]) 
(/root/godot/modules/mono/editor/GodotTools/GodotTools/Export/ExportPlugin.cs:134)
       [3] bool Godot.EditorExportPlugin.InvokeGodotClassMethod(Godot.NativeInterop.godot_string_name&, 
Godot.NativeInterop.NativeVariantPtrArgs, Godot.NativeInterop.godot_variant&) 
(/root/godot/modules/mono/glue/GodotSharp/GodotSharpEditor/Generated/GodotObjects/EditorExportPlugin.cs:734)
       [4] bool GodotTools.Export.ExportPlugin.InvokeGodotClassMethod(Godot.NativeInterop.godot_string_name&, 
Godot.NativeInterop.NativeVariantPtrArgs, Godot.NativeInterop.godot_variant&) (/root/godot/modules/mono/editor/GodotToo
ls/GodotTools/Godot.SourceGenerators/Godot.SourceGenerators.ScriptMethodsGenerator/GodotTools.Export.ExportPlugin_Scrip
tMethods.generated.cs:140)
       [5] Godot.NativeInterop.godot_bool Godot.Bridge.CSharpInstanceBridge.Call(nint, 
Godot.NativeInterop.godot_string_name*, Godot.NativeInterop.godot_variant**, int, 
Godot.NativeInterop.godot_variant_call_error*, Godot.NativeInterop.godot_variant*) 
(/root/godot/modules/mono/glue/GodotSharp/GodotSharp/Core/Bridge/CSharpInstanceBridge.cs:24)
ERROR: System.InvalidOperationException: res://Main.cs is a C# file but no solution file exists.
   at GodotTools.Export.ExportPlugin._ExportFile(String path, String type, String[] features) in 
/root/godot/modules/mono/editor/GodotTools/GodotTools/Export/ExportPlugin.cs:line 136
   at Godot.EditorExportPlugin.InvokeGodotClassMethod(godot_string_name& method, NativeVariantPtrArgs args, 
godot_variant& ret) in 
/root/godot/modules/mono/glue/GodotSharp/GodotSharpEditor/Generated/GodotObjects/EditorExportPlugin.cs:line 734
   at GodotTools.Export.ExportPlugin.InvokeGodotClassMethod(godot_string_name& method, NativeVariantPtrArgs args, 
godot_variant& ret) in /root/godot/modules/mono/editor/GodotTools/GodotTools/Godot.SourceGenerators/Godot.SourceGenerat
ors.ScriptMethodsGenerator/GodotTools.Export.ExportPlugin_ScriptMethods.generated.cs:line 140
   at Godot.Bridge.CSharpInstanceBridge.Call(IntPtr godotObjectGCHandle, godot_string_name* method, godot_variant** 
args, Int32 argCount, godot_variant_call_error* refCallError, godot_variant* ret) in 
/root/godot/modules/mono/glue/GodotSharp/GodotSharp/Core/Bridge/CSharpInstanceBridge.cs:line 24
   at: void Godot.NativeInterop.ExceptionUtils.LogException(System.Exception) 
(/root/godot/modules/mono/glue/GodotSharp/GodotSharp/Core/NativeInterop/ExceptionUtils.cs:113)
   C# backtrace (most recent call first):
       [0] void Godot.GD.PushError(string) (/root/godot/modules/mono/glue/GodotSharp/GodotSharp/Core/GD.cs:366)
       [1] void Godot.NativeInterop.ExceptionUtils.LogException(System.Exception) 
(/root/godot/modules/mono/glue/GodotSharp/GodotSharp/Core/NativeInterop/ExceptionUtils.cs:113)
       [2] Godot.NativeInterop.godot_bool Godot.Bridge.CSharpInstanceBridge.Call(nint, 
Godot.NativeInterop.godot_string_name*, Godot.NativeInterop.godot_variant**, int, 
Godot.NativeInterop.godot_variant_call_error*, Godot.NativeInterop.godot_variant*) 
(/root/godot/modules/mono/glue/GodotSharp/GodotSharp/Core/Bridge/CSharpInstanceBridge.cs:24)
[   1% ] [90m[1msavepack[22m | Storing File: res://Main.cs[39m[0m
[  33% ] [90m[1msavepack[22m | Storing File: res://.godot/exported/133200997/export-bcb0d2eb5949c52b6a65bfe9de3e985b-Main.scn[39m[0m
[  66% ] [90m[1msavepack[22m | Storing File: res://packages.lock.json[39m[0m
[  66% ] [90m[1msavepack[22m | Storing File: res://Main.tscn.remap[39m[0m
[  66% ] [90m[1msavepack[22m | Storing File: res://.godot/global_script_class_cache.cfg[39m[0m
[  66% ] [90m[1msavepack[22m | Storing File: res://.godot/uid_cache.bin[39m[0m
[  66% ] [90m[1msavepack[22m | Storing File: res://project.binary[39m[0m
[92m[ DONE ][39m [1msavepack[22m
[0m
WARNING: Project export for preset "Windows x64" completed with warnings.
   at: _fs_changed (editor/editor_node.cpp:1422)
EXIT: 0
