COMMAND: C:\Management Game\qualification\.tools\dotnet\dotnet.exe --info
.NET SDK:
 Version:           10.0.401
 Commit:            e34a38d2ae
 Workload version:  10.0.400-manifests.63b36e85
 MSBuild version:   18.9.11+e34a38d2a

Runtime Environment:
 OS Name:     Windows
 OS Version:  10.0.19044
 OS Platform: Windows
 RID:         win-x64
 Base Path:   C:\Management Game\qualification\.tools\dotnet\sdk\10.0.401\

.NET workloads installed:
There are no installed workloads to display.
Configured to use workload sets when installing new manifests.
No workload sets are installed. Run "dotnet workload restore" to install a workload set.

Host:
  Version:      10.0.12
  Architecture: x64
  Commit:       95017c711e

.NET SDKs installed:
  10.0.401 [C:\Management Game\qualification\.tools\dotnet\sdk]

.NET runtimes installed:
  Microsoft.AspNetCore.App 10.0.12 [C:\Management Game\qualification\.tools\dotnet\shared\Microsoft.AspNetCore.App]
  Microsoft.NETCore.App 10.0.12 [C:\Management Game\qualification\.tools\dotnet\shared\Microsoft.NETCore.App]
  Microsoft.WindowsDesktop.App 10.0.12 [C:\Management Game\qualification\.tools\dotnet\shared\Microsoft.WindowsDesktop.App]

Other architectures found:
  x86   [C:\Program Files (x86)\dotnet]
    registered at [HKLM\SOFTWARE\dotnet\Setup\InstalledVersions\x86\InstallLocation]

Environment variables:
  DOTNET_CLI_HOME                          [C:\Management Game\qualification\.tools\cli-home]
  DOTNET_CLI_TELEMETRY_OPTOUT              [1]
  DOTNET_ROOT                              [C:\Management Game\qualification\.tools\dotnet]
  DOTNET_SKIP_FIRST_TIME_EXPERIENCE        [1]

global.json file:
  Not found

Learn more:
  https://aka.ms/dotnet/info

Download .NET:
  https://aka.ms/dotnet/download


EXIT: 0
