COMMAND: C:\Management Game\qualification\.tools\godot\Godot_v4.7.2-stable_mono_win64\Godot_v4.7.2-stable_mono_win64.exe --path C:\Management Game\qualification\Host --audio-driver Dummy -- --ui --benchmark
Godot Engine v4.7.2.stable.mono.official.ed1daf0bf - https://godotengine.org
OpenGL API 3.3.0 - Build 32.0.101.7080 - Compatibility - Using Device: Intel - Intel(R) Iris(R) Xe Graphics

QG02_DATASET 1000 query_p95_ms=49.801 frame_p95_ms=48.589 controls=11

ERROR: Failed to read the root certificate store.
   at: get_system_ca_certificates (platform/windows/os_windows.cpp:2582)
ERROR: System.InvalidOperationException: 10000: injected mouse selects ID 1
   at DenseUi.Check(Boolean condition, String name) in C:\Management Game\qualification\Host\DenseUi.cs:line 153
   at DenseUi.Benchmark() in C:\Management Game\qualification\Host\DenseUi.cs:line 190
   at DenseUi._Ready() in C:\Management Game\qualification\Host\DenseUi.cs:line 56
   at: void DenseUi+<_Ready>d__23.MoveNext() (res://DenseUi.cs:56)
   C# backtrace (most recent call first):
       [0] void Godot.GD.PushError(string) (/root/godot/modules/mono/glue/GodotSharp/GodotSharp/Core/GD.cs:366)
       [1] void DenseUi+<_Ready>d__23.MoveNext() (C:\Management Game\qualification\Host\DenseUi.cs:56)
       [2] void System.Threading.ExecutionContext.RunInternal(System.Threading.ExecutionContext, System.Threading.ContextCallback, object)
       [3] void System.Threading.Tasks.AwaitTaskContinuation.RunCallback(System.Threading.ContextCallback, object, System.Threading.Tasks.Task&)
       [4] void System.Threading.Tasks.Task.RunContinuations(object)
       [5] void System.Threading.Tasks.Task.FinishSlow(bool)
       [6] bool System.Threading.Tasks.Task.TrySetException(object)
       [7] void System.Runtime.CompilerServices.AsyncTaskMethodBuilder`1.SetException(System.Exception, System.Threading.Tasks.Task`1[TResult]&)
       [8] void DenseUi+<Benchmark>d__39.MoveNext() (C:\Management Game\qualification\Host\DenseUi.cs:190)
       [9] void System.Threading.ExecutionContext.RunInternal(System.Threading.ExecutionContext, System.Threading.ContextCallback, object)
       [10] void System.Threading.Tasks.AwaitTaskContinuation.RunCallback(System.Threading.ContextCallback, object, System.Threading.Tasks.Task&)
       [11] void System.Threading.Tasks.Task.RunContinuations(object)
       [12] void System.Runtime.CompilerServices.AsyncTaskMethodBuilder.SetResult()
       [13] void DenseUi+<Frames>d__38.MoveNext() (C:\Management Game\qualification\Host\DenseUi.cs:156)
       [14] void System.Threading.ExecutionContext.RunInternal(System.Threading.ExecutionContext, System.Threading.ContextCallback, object)
       [15] void System.Runtime.CompilerServices.AsyncTaskMethodBuilder`1+AsyncStateMachineBox`1.MoveNext()
       [16] void Godot.SignalAwaiter.SignalCallback(nint, Godot.NativeInterop.godot_variant**, int, Godot.NativeInterop.godot_bool*) (/root/godot/modules/mono/glue/GodotSharp/GodotSharp/Core/SignalAwaiter.cs:65)

EXIT: 1
