Godot Engine v4.7.2.stable.mono.official.ed1daf0bf - https://godotengine.org
OpenGL API 3.3.0 - Build 32.0.101.7080 - Compatibility - Using Device: Intel - Intel(R) Iris(R) Xe Graphics

PASS live list-first sponsor matter exists
PASS pointer + Enter enters from live hierarchy
PASS native Tab and Shift+Tab traverse actions
PASS visible canonical focus
PASS Space opens material confirmation
PASS Escape confirmation restores review
PASS keyboard scroll reaches supporting evidence
PASS cancel returns without gameplay mutation
PASS return restores matter focus
PASS optional map opens same live presenter
PASS map return restores matter focus
PASS native stale rejection and refresh
PASS rejection requires fresh review
PASS Space commits once and success disables action
PASS native button spam cannot duplicate commitment
PASS live schema-1 save/load after native commitment
PASS return displays updated company matter
PASS phase changes retain reading regions and scroll position
PASS retired commitment clears callback immediately
PASS fresh revision retains unchanged document with current metadata
PASS retained shell binds exact current command identity
PASS same revision different offer rebinds document
PASS same revision changed identity terms and cash refresh displayed data
PASS 25 rebind/confirmation cycles retain Controls
PASS 25 enter/back cycles retain Controls and one workspace
PASS no horizontal workspace overflow
PASS back remains visible
PASS commit/review action remains visible
PASS all core contract terms visible above fold
SPONSOR_NATIVE_PASS 29
