Godot Engine v4.7.2.stable.mono.official.ed1daf0bf - https://godotengine.org
OpenGL API 3.3.0 - Build 32.0.101.7080 - Compatibility - Using Device: Intel - Intel(R) Iris(R) Xe Graphics

PASS synthetic pointer click inspects portfolio
PASS synthetic Down moves map focus
PASS synthetic Enter inspects focused scope
PASS synthetic Tab traverses
PASS synthetic Shift+Tab returns focus
PASS synthetic Space selects sponsor and affected scope
PASS map/list selection synchronized by stable ID
PASS mode change restores same situation focus
PASS selected list situation is visible: region=(18, 167), (858, 468) target=(445, 463), (413, 58) scroll=0
PASS sponsor keyboard entry retains origin and mode
PASS Escape restores sponsor list origin and focus
PASS secondary non-commercial entry
PASS secondary return preserves team and situation
PASS affair selects owning map context
PASS affair entry return restores affair focus
PASS 50 selection/mode/entry/return cycles retain constant nodes
PASS one callback per activation after repeated navigation
PASS canonical visible focus remains separate from selection
PASS keyboard End reaches inspector evidence
PASS inspector-origin selection moves focus to decision entry
PASS inspector-origin return restores contextual action focus
PASS no horizontal overflow: normal
PASS no horizontal overflow: sponsor
PASS no horizontal overflow: competitive
PASS no horizontal overflow: quiet
PASS no horizontal overflow: empty
PASS no horizontal overflow: long-name
PASS no horizontal overflow: branding
PASS no horizontal overflow: missing-identity
PASS no horizontal overflow: list
PASS no horizontal overflow: decision
PASS no horizontal overflow: return
PASS no horizontal overflow: affairs
PASS deleted scope clears entry and explains nearest parent fallback
PASS no stale decision control after replacement
PASS compact identity header map 1-orientation
PASS task target visible map map:scope:primary-team
PASS full compressed semantic ancestry visible
PASS both compressed scopes individually available
PASS team inspection explains both supporting functions
PASS shared immutable snapshot map 1-orientation
PASS compact identity header map 2-sponsor
PASS task target visible map map:matter:sponsor
PASS entry visible without inspector scroll map 2-sponsor
PASS identity and path retained during handoff
PASS refined exact return map 2-sponsor: scroll=0/0 focus=True
PASS shared immutable snapshot map 2-sponsor
PASS compact identity header map 3-preparation
PASS task target visible map map:matter:preparation
PASS preparation scope and uncertainty
PASS task target visible map affairs:matter:preparation
PASS compact Affairs resolves same preparation
PASS bounded compact Affairs height
PASS shared immutable snapshot map 3-preparation
PASS compact identity header map 4-quiet
PASS quiet checkpoint and ongoing structure available
PASS shared immutable snapshot map 4-quiet
PASS compact identity header map 5-stress
PASS full long identity available on inspection
PASS task target visible map map:matter:sponsor
PASS entry visible without inspector scroll map 5-stress
PASS identity and path retained during handoff
PASS refined exact return map 5-stress: scroll=0/0 focus=True
PASS task target visible map map:matter:preparation
PASS entry visible without inspector scroll map 5-stress
PASS identity and path retained during handoff
PASS refined exact return map 5-stress: scroll=0/0 focus=True
PASS shared immutable snapshot map 5-stress
PASS compact identity header list 1-orientation
PASS task target visible list list:scope:primary-team
PASS full compressed semantic ancestry visible
PASS both compressed scopes individually available
PASS team inspection explains both supporting functions
PASS shared immutable snapshot list 1-orientation
PASS compact identity header list 2-sponsor
PASS task target visible list list:matter:sponsor
PASS entry visible without inspector scroll list 2-sponsor
PASS identity and path retained during handoff
PASS refined exact return list 2-sponsor: scroll=0/0 focus=True
PASS shared immutable snapshot list 2-sponsor
PASS compact identity header list 3-preparation
PASS task target visible list list:matter:preparation
PASS preparation scope and uncertainty
PASS task target visible list affairs:matter:preparation
PASS compact Affairs resolves same preparation
PASS bounded compact Affairs height
PASS shared immutable snapshot list 3-preparation
PASS compact identity header list 4-quiet
PASS quiet checkpoint and ongoing structure available
PASS shared immutable snapshot list 4-quiet
PASS compact identity header list 5-stress
PASS full long identity available on inspection
PASS task target visible list list:matter:sponsor
PASS entry visible without inspector scroll list 5-stress
PASS identity and path retained during handoff
PASS refined exact return list 5-stress: scroll=0/0 focus=True
PASS task target visible list list:matter:preparation
PASS entry visible without inspector scroll list 5-stress
PASS identity and path retained during handoff
PASS refined exact return list 5-stress: scroll=0/0 focus=True
PASS shared immutable snapshot list 5-stress
OPERATING_MAP_NATIVE_PASS 101
OPERATING_MAP_CAPTURE map-normal-1280x720
